[12-Jul-2026 00:24:28 America/Guayaquil] PHP Warning:  Undefined variable $respuesta in C:\xampp\htdocs\www.sis_biblioteca.com\ai\chat_test.php on line 210
[12-Jul-2026 00:24:28 America/Guayaquil] PHP Warning:  Undefined variable $respuesta in C:\xampp\htdocs\www.sis_biblioteca.com\ai\chat_test.php on line 213
[12-Jul-2026 00:24:40 America/Guayaquil] PHP Warning:  Undefined variable $respuesta in C:\xampp\htdocs\www.sis_biblioteca.com\ai\chat_test.php on line 210
[12-Jul-2026 00:24:40 America/Guayaquil] PHP Warning:  Undefined variable $respuesta in C:\xampp\htdocs\www.sis_biblioteca.com\ai\chat_test.php on line 213
[12-Jul-2026 00:27:07 America/Guayaquil] PHP Warning:  Undefined variable $respuesta in C:\xampp\htdocs\www.sis_biblioteca.com\ai\chat_test.php on line 210
[12-Jul-2026 00:27:07 America/Guayaquil] PHP Warning:  Undefined variable $respuesta in C:\xampp\htdocs\www.sis_biblioteca.com\ai\chat_test.php on line 217
[12-Jul-2026 00:44:32 America/Guayaquil] PHP Fatal error:  Uncaught PDOException: SQLSTATE[42S02]: Base table or view not found: 1146 Table 'bd_sis_biblioteca.tb_tema' doesn't exist in C:\xampp\htdocs\www.sis_biblioteca.com\ai\chat_test.php:228
Stack trace:
#0 C:\xampp\htdocs\www.sis_biblioteca.com\ai\chat_test.php(228): PDO->query('\r\n    SELECT no...')
#1 {main}
  thrown in C:\xampp\htdocs\www.sis_biblioteca.com\ai\chat_test.php on line 228
[12-Jul-2026 00:44:47 America/Guayaquil] PHP Fatal error:  Uncaught PDOException: SQLSTATE[42S02]: Base table or view not found: 1146 Table 'bd_sis_biblioteca.tb_tema' doesn't exist in C:\xampp\htdocs\www.sis_biblioteca.com\ai\chat_test.php:228
Stack trace:
#0 C:\xampp\htdocs\www.sis_biblioteca.com\ai\chat_test.php(228): PDO->query('\r\n    SELECT no...')
#1 {main}
  thrown in C:\xampp\htdocs\www.sis_biblioteca.com\ai\chat_test.php on line 228
[12-Jul-2026 22:29:40 America/Guayaquil] PHP Fatal error:  Uncaught PDOException: SQLSTATE[42S02]: Base table or view not found: 1146 Table 'bd_sis_biblioteca.tb_tema' doesn't exist in C:\xampp\htdocs\www.sis_biblioteca.com\ai\chat_test.php:228
Stack trace:
#0 C:\xampp\htdocs\www.sis_biblioteca.com\ai\chat_test.php(228): PDO->query('\r\n    SELECT no...')
#1 {main}
  thrown in C:\xampp\htdocs\www.sis_biblioteca.com\ai\chat_test.php on line 228
[12-Jul-2026 22:29:50 America/Guayaquil] PHP Fatal error:  Uncaught PDOException: SQLSTATE[42S02]: Base table or view not found: 1146 Table 'bd_sis_biblioteca.tb_tema' doesn't exist in C:\xampp\htdocs\www.sis_biblioteca.com\ai\chat_test.php:228
Stack trace:
#0 C:\xampp\htdocs\www.sis_biblioteca.com\ai\chat_test.php(228): PDO->query('\r\n    SELECT no...')
#1 {main}
  thrown in C:\xampp\htdocs\www.sis_biblioteca.com\ai\chat_test.php on line 228
[12-Jul-2026 22:29:58 America/Guayaquil] PHP Fatal error:  Uncaught PDOException: SQLSTATE[42S02]: Base table or view not found: 1146 Table 'bd_sis_biblioteca.tb_tema' doesn't exist in C:\xampp\htdocs\www.sis_biblioteca.com\ai\chat_test.php:228
Stack trace:
#0 C:\xampp\htdocs\www.sis_biblioteca.com\ai\chat_test.php(228): PDO->query('\r\n    SELECT no...')
#1 {main}
  thrown in C:\xampp\htdocs\www.sis_biblioteca.com\ai\chat_test.php on line 228
[12-Jul-2026 22:30:00 America/Guayaquil] PHP Fatal error:  Uncaught PDOException: SQLSTATE[42S02]: Base table or view not found: 1146 Table 'bd_sis_biblioteca.tb_tema' doesn't exist in C:\xampp\htdocs\www.sis_biblioteca.com\ai\chat_test.php:228
Stack trace:
#0 C:\xampp\htdocs\www.sis_biblioteca.com\ai\chat_test.php(228): PDO->query('\r\n    SELECT no...')
#1 {main}
  thrown in C:\xampp\htdocs\www.sis_biblioteca.com\ai\chat_test.php on line 228
[12-Jul-2026 22:30:18 America/Guayaquil] PHP Fatal error:  Uncaught PDOException: SQLSTATE[42S02]: Base table or view not found: 1146 Table 'bd_sis_biblioteca.tb_tema' doesn't exist in C:\xampp\htdocs\www.sis_biblioteca.com\ai\chat_test.php:228
Stack trace:
#0 C:\xampp\htdocs\www.sis_biblioteca.com\ai\chat_test.php(228): PDO->query('\r\n    SELECT no...')
#1 {main}
  thrown in C:\xampp\htdocs\www.sis_biblioteca.com\ai\chat_test.php on line 228
[12-Jul-2026 22:30:18 America/Guayaquil] PHP Fatal error:  Uncaught PDOException: SQLSTATE[42S02]: Base table or view not found: 1146 Table 'bd_sis_biblioteca.tb_tema' doesn't exist in C:\xampp\htdocs\www.sis_biblioteca.com\ai\chat_test.php:228
Stack trace:
#0 C:\xampp\htdocs\www.sis_biblioteca.com\ai\chat_test.php(228): PDO->query('\r\n    SELECT no...')
#1 {main}
  thrown in C:\xampp\htdocs\www.sis_biblioteca.com\ai\chat_test.php on line 228
[12-Jul-2026 22:30:47 America/Guayaquil] PHP Fatal error:  Uncaught PDOException: SQLSTATE[42S02]: Base table or view not found: 1146 Table 'bd_sis_biblioteca.tb_tema' doesn't exist in C:\xampp\htdocs\www.sis_biblioteca.com\ai\chat_test.php:228
Stack trace:
#0 C:\xampp\htdocs\www.sis_biblioteca.com\ai\chat_test.php(228): PDO->query('\r\n    SELECT no...')
#1 {main}
  thrown in C:\xampp\htdocs\www.sis_biblioteca.com\ai\chat_test.php on line 228
[12-Jul-2026 22:30:47 America/Guayaquil] PHP Fatal error:  Uncaught PDOException: SQLSTATE[42S02]: Base table or view not found: 1146 Table 'bd_sis_biblioteca.tb_tema' doesn't exist in C:\xampp\htdocs\www.sis_biblioteca.com\ai\chat_test.php:228
Stack trace:
#0 C:\xampp\htdocs\www.sis_biblioteca.com\ai\chat_test.php(228): PDO->query('\r\n    SELECT no...')
#1 {main}
  thrown in C:\xampp\htdocs\www.sis_biblioteca.com\ai\chat_test.php on line 228
[12-Jul-2026 22:32:45 America/Guayaquil] PHP Fatal error:  Uncaught PDOException: SQLSTATE[42S02]: Base table or view not found: 1146 Table 'bd_sis_biblioteca.tb_tema' doesn't exist in C:\xampp\htdocs\www.sis_biblioteca.com\ai\chat_test.php:228
Stack trace:
#0 C:\xampp\htdocs\www.sis_biblioteca.com\ai\chat_test.php(228): PDO->query('\r\n    SELECT no...')
#1 {main}
  thrown in C:\xampp\htdocs\www.sis_biblioteca.com\ai\chat_test.php on line 228
[12-Jul-2026 23:04:48 America/Guayaquil] PHP Warning:  Undefined variable $palabras in C:\xampp\htdocs\www.sis_biblioteca.com\ai\chat_test.php on line 292
[12-Jul-2026 23:04:48 America/Guayaquil] PHP Fatal error:  Uncaught TypeError: buscarLibrosRelevantes(): Argument #2 ($filtros) must be of type array, null given, called in C:\xampp\htdocs\www.sis_biblioteca.com\ai\chat_test.php on line 292 and defined in C:\xampp\htdocs\www.sis_biblioteca.com\ai\chat_test.php:362
Stack trace:
#0 C:\xampp\htdocs\www.sis_biblioteca.com\ai\chat_test.php(292): buscarLibrosRelevantes(Object(PDO), NULL)
#1 {main}
  thrown in C:\xampp\htdocs\www.sis_biblioteca.com\ai\chat_test.php on line 362
